{
    "name": "console",
    "owner": null,
    "flags": {
        "endpoint": "http://localhost:9000/",
        "basicAuth": true,
        "authUser": "root@my.xapi.net"
    },
    "options": {},
    "rollupRule": "mustPassAll",
    "uuid": "202d9b7e-2632-4051-a0c8-1593aaa119a0",
    "startTime": 1788484216450,
    "endTime": 1788484240919,
    "duration": 24469,
    "state": "finished",
    "summary": {
        "total": 1435,
        "passed": 1435,
        "failed": 0,
        "version": "2.0.0"
    }
}
